Microchip MPLAB XC8 Compiler V3.00

Linker command line:

-W-3 \
  --edf=C:\Program Files\Microchip\xc8\v3.00\pic\dat\20241204225717_en.msgs \
  -cn -h+dist/default/debug\ElTeknik.X.debug.sym \
  --cmf=dist/default/debug\ElTeknik.X.debug.cmf -z -Q16F1717 \
  -oC:\Users\eikhy\AppData\Local\Temp\xcAs5bo.\driver_tmp_3.o \
  --defsym=__MPLAB_BUILD=1 --fixupoverflow=error \
  -Mdist/default/debug/ElTeknik.X.debug.map \
  --md=C:\Users\eikhy\AppData\Local\Temp\xcAs5bo.\driver_tmp_0.dat -E1 \
  -ver=XC8 Compiler -ACODE=00h-07FFhx4 -ASTRCODE=00h-01FFFh \
  -ASTRING=00h-0FFhx32 -ACONST=00h-0FFhx32 -AENTRY=00h-0FFhx32 \
  -ACOMMON=070h-07Fh -ABANK0=020h-06Fh -ABANK1=0A0h-0EFh \
  -ABANK2=0120h-016Fh -ABANK3=01A0h-01EFh -ABANK4=0220h-026Fh \
  -ABANK5=02A0h-02EFh -ABANK6=0320h-036Fh -ABANK7=03A0h-03EFh \
  -ABANK8=0420h-046Fh -ABANK9=04A0h-04EFh -ABANK10=0520h-056Fh \
  -ABANK11=05A0h-05EFh -ABANK12=0620h-064Fh -ABIGRAM=02000h-023EFh \
  -ARAM=020h-06Fh,0A0h-0EFh,0120h-016Fh,01A0h-01EFh,0220h-026Fh,02A0h-02EFh,0320h-036Fh,03A0h-03EFh,0420h-046Fh,04A0h-04EFh,0520h-056Fh,05A0h-05EFh,0620h-064Fh \
  -AABS1=020h-07Fh,0A0h-0EFh,0120h-016Fh,01A0h-01EFh,0220h-026Fh,02A0h-02EFh,0320h-036Fh,03A0h-03EFh,0420h-046Fh,04A0h-04EFh,0520h-056Fh,05A0h-05EFh,0620h-064Fh \
  -ASFR0=00h-01Fh -ASFR1=080h-09Fh -ASFR2=0100h-011Fh -ASFR3=0180h-019Fh \
  -ASFR4=0200h-021Fh -ASFR5=0280h-029Fh -ASFR6=0300h-031Fh \
  -ASFR7=0380h-039Fh -ASFR8=0400h-041Fh -ASFR9=0480h-049Fh \
  -ASFR10=0500h-051Fh -ASFR11=0580h-059Fh -ASFR12=0600h-061Fh \
  -ASFR13=0680h-06EFh -ASFR14=0700h-076Fh -ASFR15=0780h-07EFh \
  -ASFR16=0800h-086Fh -ASFR17=0880h-08EFh -ASFR18=0900h-096Fh \
  -ASFR19=0980h-09EFh -ASFR20=0A00h-0A6Fh -ASFR21=0A80h-0AEFh \
  -ASFR22=0B00h-0B6Fh -ASFR23=0B80h-0BEFh -ASFR24=0C00h-0C6Fh \
  -ASFR25=0C80h-0CEFh -ASFR26=0D00h-0D6Fh -ASFR27=0D80h-0DEFh \
  -ASFR28=0E00h-0E6Fh -ASFR29=0E80h-0EEFh -ASFR30=0F00h-0F6Fh \
  -ASFR31=0F80h-0FEFh -ACONFIG=08007h-08008h -DCONFIG=2 \
  -AIDLOC=08000h-08003h -DIDLOC=2 -DCODE=2 -DSTRCODE=2 -DSTRING=2 -DCONST=2 \
  -DENTRY=2 -preset_vec=00h,intentry,sivt,init,end_init -ppowerup=CODE \
  -pcinit=CODE -pfunctab=ENTRY -k \
  C:\Users\eikhy\AppData\Local\Temp\xcAs5bo.\driver_tmp_12.o \
  dist/default/debug\ElTeknik.X.debug.o 

Object code version is 3.11

Machine type is 16F1717



                Name                               Link     Load   Length Selector   Space Scale
C:\Users\eikhy\AppData\Local\Temp\xcAs5bo.\driver_tmp_12.o
                end_init                              3        3        2        0       0
                reset_vec                             0        0        3        0       0
                config                             8007     8007        2        0       4
dist/default/debug\ElTeknik.X.debug.o
                cinit                               7F5      7F5        B      FEA       0
                config                             8007     8007        2        0       4
                text13                              610      610       20      C20       0
                text12                              5A3      5A3       14      B46       0
                text11                              590      590        9      B20       0
                text10                              5B7      5B7       1D      B6E       0
                text9                               697      697       3A      D2E       0
                text8                               6D1      6D1       3A      DA2       0
                text7                               630      630       32      C60       0
                text6                               748      748       52      E90       0
                text5                               70B      70B       3D      E16       0
                text4                               79A      79A       5B      F34       0
                text3                               5F1      5F1       1F      BE2       0
                text2                               599      599        A      B32       0
                text1                               5D4      5D4       1D      BA8       0
                maintext                            662      662       35      CC4       0
                cstackBANK0                          20       20        E       20       1
                cstackCOMMON                         70       70        E       70       1
                bssBANK0                             2E       2E        7       20       1

TOTAL           Name                               Link     Load   Length     Space
        CLASS   CODE           
                end_init                              3        3        2         0
                cinit                               7F5      7F5        B         0
                reset_vec                             0        0        3         0
                text13                              610      610       20         0
                text12                              5A3      5A3       14         0
                text11                              590      590        9         0
                text10                              5B7      5B7       1D         0
                text9                               697      697       3A         0
                text8                               6D1      6D1       3A         0
                text7                               630      630       32         0
                text6                               748      748       52         0
                text5                               70B      70B       3D         0
                text4                               79A      79A       5B         0
                text3                               5F1      5F1       1F         0
                text2                               599      599        A         0
                text1                               5D4      5D4       1D         0
                maintext                            662      662       35         0

        CLASS   STRCODE        

        CLASS   STRING         

        CLASS   CONST          

        CLASS   ENTRY          

        CLASS   COMMON         
                cstackCOMMON                         70       70        E         1

        CLASS   BANK0          
                cstackBANK0                          20       20        E         1
                bssBANK0                             2E       2E        7         1

        CLASS   BANK1          

        CLASS   BANK2          

        CLASS   BANK3          

        CLASS   BANK4          

        CLASS   BANK5          

        CLASS   BANK6          

        CLASS   BANK7          

        CLASS   BANK8          

        CLASS   BANK9          

        CLASS   BANK10         

        CLASS   BANK11         

        CLASS   BANK12         

        CLASS   BIGRAM         

        CLASS   RAM            

        CLASS   ABS1           
                abs_s1                               7E       7E        2         1

        CLASS   SFR0           

        CLASS   SFR1           

        CLASS   SFR2           

        CLASS   SFR3           

        CLASS   SFR4           

        CLASS   SFR5           

        CLASS   SFR6           

        CLASS   SFR7           

        CLASS   SFR8           

        CLASS   SFR9           

        CLASS   SFR10          

        CLASS   SFR11          

        CLASS   SFR12          

        CLASS   SFR13          

        CLASS   SFR14          

        CLASS   SFR15          

        CLASS   SFR16          

        CLASS   SFR17          

        CLASS   SFR18          

        CLASS   SFR19          

        CLASS   SFR20          

        CLASS   SFR21          

        CLASS   SFR22          

        CLASS   SFR23          

        CLASS   SFR24          

        CLASS   SFR25          

        CLASS   SFR26          

        CLASS   SFR27          

        CLASS   SFR28          

        CLASS   SFR29          

        CLASS   SFR30          

        CLASS   SFR31          

        CLASS   CONFIG         
                config                             8007     8007        2         4

        CLASS   IDLOC          

        CLASS   BANK31         

        CLASS   BANK30         

        CLASS   BANK29         

        CLASS   BANK28         

        CLASS   BANK27         

        CLASS   BANK26         

        CLASS   BANK25         

        CLASS   BANK24         

        CLASS   BANK23         

        CLASS   BANK22         

        CLASS   BANK21         

        CLASS   BANK20         

        CLASS   BANK19         

        CLASS   BANK18         

        CLASS   BANK17         

        CLASS   BANK16         

        CLASS   BANK15         

        CLASS   BANK14         

        CLASS   BANK13         

        CLASS   HEAP           

        CLASS   STACK          

        CLASS   EEDATA         



SEGMENTS        Name                           Load    Length   Top    Selector   Space  Class     Delta

                reset_vec                      000000  000005  000005         0       0  CODE        2
                cstackBANK0                    000020  000015  000035        20       1  BANK0       1
                cstackCOMMON                   000070  00000E  00007E        70       1  COMMON      1
                text11                         000590  000009  000599       B20       0  CODE        2
                text2                          000599  00000A  0005A3       B32       0  CODE        2
                text12                         0005A3  000014  0005B7       B46       0  CODE        2
                text10                         0005B7  00001D  0005D4       B6E       0  CODE        2
                text1                          0005D4  00001D  0005F1       BA8       0  CODE        2
                text3                          0005F1  00001F  000610       BE2       0  CODE        2
                text13                         000610  000020  000630       C20       0  CODE        2
                text7                          000630  000032  000662       C60       0  CODE        2
                maintext                       000662  000035  000697       CC4       0  CODE        2
                text9                          000697  00003A  0006D1       D2E       0  CODE        2
                text8                          0006D1  00003A  00070B       DA2       0  CODE        2
                text5                          00070B  00003D  000748       E16       0  CODE        2
                text6                          000748  000052  00079A       E90       0  CODE        2
                text4                          00079A  00005B  0007F5       F34       0  CODE        2
                cinit                          0007F5  00000B  000800       FEA       0  CODE        2


UNUSED ADDRESS RANGES

        Name                Unused          Largest block    Delta
        BANK0            00035-0006F              3B           1
        BANK1            000A0-000EF              50           1
        BANK10           00520-0056F              50           1
        BANK11           005A0-005EF              50           1
        BANK12           00620-0064F              30           1
        BANK2            00120-0016F              50           1
        BANK3            001A0-001EF              50           1
        BANK4            00220-0026F              50           1
        BANK5            002A0-002EF              50           1
        BANK6            00320-0036F              50           1
        BANK7            003A0-003EF              50           1
        BANK8            00420-0046F              50           1
        BANK9            004A0-004EF              50           1
        BIGRAM           02000-023EF             3F0           1
        CODE             00005-0058F             58B           2
                         00800-01FFF             800
        CONST            00005-0058F             100           2
                         00800-01FFF             100
        ENTRY            00005-0058F             100           2
                         00800-01FFF             100
        IDLOC            08000-08003               4           2
        RAM              00035-0006F              3B           1
                         000A0-000EF              50
                         00120-0016F              50
                         001A0-001EF              50
                         00220-0026F              50
                         002A0-002EF              50
                         00320-0036F              50
                         003A0-003EF              50
                         00420-0046F              50
                         004A0-004EF              50
                         00520-0056F              50
                         005A0-005EF              50
                         00620-0064F              30
        SFR0             00000-0001F              20           1
        SFR1             00080-0009F              20           1
        SFR10            00500-0051F              20           1
        SFR11            00580-0059F              20           1
        SFR12            00600-0061F              20           1
        SFR13            00680-006EF              70           1
        SFR14            00700-0076F              70           1
        SFR15            00780-007EF              70           1
        SFR16            00800-0086F              70           1
        SFR17            00880-008EF              70           1
        SFR18            00900-0096F              70           1
        SFR19            00980-009EF              70           1
        SFR2             00100-0011F              20           1
        SFR20            00A00-00A6F              70           1
        SFR21            00A80-00AEF              70           1
        SFR22            00B00-00B6F              70           1
        SFR23            00B80-00BEF              70           1
        SFR24            00C00-00C6F              70           1
        SFR25            00C80-00CEF              70           1
        SFR26            00D00-00D6F              70           1
        SFR27            00D80-00DEF              70           1
        SFR28            00E00-00E6F              70           1
        SFR29            00E80-00EEF              70           1
        SFR3             00180-0019F              20           1
        SFR30            00F00-00F6F              70           1
        SFR31            00F80-00FEF              70           1
        SFR4             00200-0021F              20           1
        SFR5             00280-0029F              20           1
        SFR6             00300-0031F              20           1
        SFR7             00380-0039F              20           1
        SFR8             00400-0041F              20           1
        SFR9             00480-0049F              20           1
        STRCODE          00005-0058F             58B           2
                         00800-01FFF            1800
        STRING           00005-0058F             100           2
                         00800-01FFF             100

                                  Symbol Table

?___awdiv                   cstackCOMMON 00070
?___lwdiv                   cstackCOMMON 00070
?___lwmod                   cstackCOMMON 00070
?___wmul                    cstackCOMMON 00078
Lcd_Cmd@a                   cstackCOMMON 00072
Lcd_Print_Char@Lower_Nibble cstackCOMMON 00074
Lcd_Print_Char@Upper_Nibble cstackCOMMON 00075
Lcd_Print_Char@data         cstackCOMMON 00071
Lcd_Print_Int@buffer        cstackBANK0  00022
Lcd_Print_Int@i             cstackBANK0  00028
Lcd_Print_Int@value         cstackBANK0  00020
Lcd_SetBit@data_bit         cstackCOMMON 00070
Lcd_Set_Cursor@a            cstackCOMMON 00075
Lcd_Set_Cursor@b            cstackCOMMON 00073
Lcd_Set_Cursor@temp         cstackCOMMON 00078
Lcd_Set_Cursor@y            cstackCOMMON 00077
Lcd_Set_Cursor@z            cstackCOMMON 00076
_ADCON0                     (abs)        0009D
_ADCON1                     (abs)        0009E
_ADCON2                     (abs)        0009F
_ADRESL                     (abs)        0009B
_ANSELA                     (abs)        0018C
_ANSELC                     (abs)        0018E
_ANSELE                     (abs)        00190
_GO                         (abs)        004E9
_IRCF0                      (abs)        004CB
_IRCF1                      (abs)        004CC
_IRCF2                      (abs)        004CD
_IRCF3                      (abs)        004CE
_Lcd_Clear                  text11       00590
_Lcd_Cmd                    text12       005A3
_Lcd_Print_Char             text10       005B7
_Lcd_Print_Int              text6        00748
_Lcd_SetBit                 text13       00610
_Lcd_Set_Cursor             text9        00697
_Lcd_Start                  text5        0070B
_OSCCON                     (abs)        00099
_RA6                        (abs)        00066
_RC0                        (abs)        00070
_RC1                        (abs)        00071
_RC3                        (abs)        00073
_RE0                        (abs)        00080
_RE2                        (abs)        00082
_SCS0                       (abs)        004C8
_SCS1                       (abs)        004C9
_SPLLEN                     (abs)        004CF
_TRISA                      (abs)        0008C
_TRISC                      (abs)        0008E
_TRISE                      (abs)        00090
_WPUA                       (abs)        0020C
_WPUC                       (abs)        0020E
_WPUE                       (abs)        00210
__H__absolute__             __absolute__ 00000
__Habs1                     abs1         00000
__Hbank0                    bank0        00000
__Hbank1                    bank1        00000
__Hbank10                   bank10       00000
__Hbank11                   bank11       00000
__Hbank12                   bank12       00000
__Hbank13                   bank13       00000
__Hbank14                   bank14       00000
__Hbank15                   bank15       00000
__Hbank16                   bank16       00000
__Hbank17                   bank17       00000
__Hbank18                   bank18       00000
__Hbank19                   bank19       00000
__Hbank2                    bank2        00000
__Hbank20                   bank20       00000
__Hbank21                   bank21       00000
__Hbank22                   bank22       00000
__Hbank23                   bank23       00000
__Hbank24                   bank24       00000
__Hbank25                   bank25       00000
__Hbank26                   bank26       00000
__Hbank27                   bank27       00000
__Hbank28                   bank28       00000
__Hbank29                   bank29       00000
__Hbank3                    bank3        00000
__Hbank30                   bank30       00000
__Hbank31                   bank31       00000
__Hbank4                    bank4        00000
__Hbank5                    bank5        00000
__Hbank6                    bank6        00000
__Hbank7                    bank7        00000
__Hbank8                    bank8        00000
__Hbank9                    bank9        00000
__Hbigram                   bigram       00000
__HbssBANK0                 bssBANK0     00000
__Hcinit                    cinit        00800
__Hclrtext                  clrtext      00000
__Hcode                     code         00000
__Hcommon                   common       00000
__Hconfig                   config       08009
__HcstackBANK0              cstackBANK0  00000
__HcstackCOMMON             cstackCOMMON 00000
__Heeprom_data              eeprom_data  00000
__Hend_init                 end_init     00005
__Hfunctab                  functab      00000
__Hheap                     heap         00000
__Hinit                     init         00003
__Hintentry                 intentry     00003
__Hmaintext                 maintext     00000
__Hpowerup                  powerup      00000
__Hram                      ram          00000
__Hreset_vec                reset_vec    00003
__Hsfr0                     sfr0         00000
__Hsfr1                     sfr1         00000
__Hsfr10                    sfr10        00000
__Hsfr11                    sfr11        00000
__Hsfr12                    sfr12        00000
__Hsfr13                    sfr13        00000
__Hsfr14                    sfr14        00000
__Hsfr15                    sfr15        00000
__Hsfr16                    sfr16        00000
__Hsfr17                    sfr17        00000
__Hsfr18                    sfr18        00000
__Hsfr19                    sfr19        00000
__Hsfr2                     sfr2         00000
__Hsfr20                    sfr20        00000
__Hsfr21                    sfr21        00000
__Hsfr22                    sfr22        00000
__Hsfr23                    sfr23        00000
__Hsfr24                    sfr24        00000
__Hsfr25                    sfr25        00000
__Hsfr26                    sfr26        00000
__Hsfr27                    sfr27        00000
__Hsfr28                    sfr28        00000
__Hsfr29                    sfr29        00000
__Hsfr3                     sfr3         00000
__Hsfr30                    sfr30        00000
__Hsfr31                    sfr31        00000
__Hsfr4                     sfr4         00000
__Hsfr5                     sfr5         00000
__Hsfr6                     sfr6         00000
__Hsfr7                     sfr7         00000
__Hsfr8                     sfr8         00000
__Hsfr9                     sfr9         00000
__Hsivt                     sivt         00003
__Hspace_0                  (abs)        00800
__Hspace_1                  (abs)        0007E
__Hspace_2                  (abs)        00000
__Hspace_3                  (abs)        00000
__Hspace_4                  (abs)        10010
__Hstack                    stack        00000
__Hstrings                  strings      00000
__Htext                     text         00000
__L__absolute__             __absolute__ 00000
__Labs1                     abs1         00000
__Lbank0                    bank0        00000
__Lbank1                    bank1        00000
__Lbank10                   bank10       00000
__Lbank11                   bank11       00000
__Lbank12                   bank12       00000
__Lbank13                   bank13       00000
__Lbank14                   bank14       00000
__Lbank15                   bank15       00000
__Lbank16                   bank16       00000
__Lbank17                   bank17       00000
__Lbank18                   bank18       00000
__Lbank19                   bank19       00000
__Lbank2                    bank2        00000
__Lbank20                   bank20       00000
__Lbank21                   bank21       00000
__Lbank22                   bank22       00000
__Lbank23                   bank23       00000
__Lbank24                   bank24       00000
__Lbank25                   bank25       00000
__Lbank26                   bank26       00000
__Lbank27                   bank27       00000
__Lbank28                   bank28       00000
__Lbank29                   bank29       00000
__Lbank3                    bank3        00000
__Lbank30                   bank30       00000
__Lbank31                   bank31       00000
__Lbank4                    bank4        00000
__Lbank5                    bank5        00000
__Lbank6                    bank6        00000
__Lbank7                    bank7        00000
__Lbank8                    bank8        00000
__Lbank9                    bank9        00000
__Lbigram                   bigram       00000
__LbssBANK0                 bssBANK0     00000
__Lcinit                    cinit        007F5
__Lclrtext                  clrtext      00000
__Lcode                     code         00000
__Lcommon                   common       00000
__Lconfig                   config       00000
__LcstackBANK0              cstackBANK0  00000
__LcstackCOMMON             cstackCOMMON 00000
__Leeprom_data              eeprom_data  00000
__Lend_init                 end_init     00003
__Lfunctab                  functab      00000
__Lheap                     heap         00000
__Linit                     init         00003
__Lintentry                 intentry     00003
__Lmaintext                 maintext     00000
__Lpowerup                  powerup      00000
__Lram                      ram          00000
__Lreset_vec                reset_vec    00000
__Lsfr0                     sfr0         00000
__Lsfr1                     sfr1         00000
__Lsfr10                    sfr10        00000
__Lsfr11                    sfr11        00000
__Lsfr12                    sfr12        00000
__Lsfr13                    sfr13        00000
__Lsfr14                    sfr14        00000
__Lsfr15                    sfr15        00000
__Lsfr16                    sfr16        00000
__Lsfr17                    sfr17        00000
__Lsfr18                    sfr18        00000
__Lsfr19                    sfr19        00000
__Lsfr2                     sfr2         00000
__Lsfr20                    sfr20        00000
__Lsfr21                    sfr21        00000
__Lsfr22                    sfr22        00000
__Lsfr23                    sfr23        00000
__Lsfr24                    sfr24        00000
__Lsfr25                    sfr25        00000
__Lsfr26                    sfr26        00000
__Lsfr27                    sfr27        00000
__Lsfr28                    sfr28        00000
__Lsfr29                    sfr29        00000
__Lsfr3                     sfr3         00000
__Lsfr30                    sfr30        00000
__Lsfr31                    sfr31        00000
__Lsfr4                     sfr4         00000
__Lsfr5                     sfr5         00000
__Lsfr6                     sfr6         00000
__Lsfr7                     sfr7         00000
__Lsfr8                     sfr8         00000
__Lsfr9                     sfr9         00000
__Lsivt                     sivt         00003
__Lspace_0                  (abs)        00000
__Lspace_1                  (abs)        00000
__Lspace_2                  (abs)        00000
__Lspace_3                  (abs)        00000
__Lspace_4                  (abs)        00000
__Lstack                    stack        00000
__Lstrings                  strings      00000
__Ltext                     text         00000
__S0                        (abs)        00800
__S1                        (abs)        0007E
___awdiv                    text4        0079A
___awdiv@counter            cstackCOMMON 00074
___awdiv@dividend           cstackCOMMON 00072
___awdiv@divisor            cstackCOMMON 00070
___awdiv@quotient           cstackCOMMON 00076
___awdiv@sign               cstackCOMMON 00075
___heap_hi                  (abs)        00000
___heap_lo                  (abs)        00000
___int_sp                   stack        00000
___int_stack_hi             stack        00000
___int_stack_lo             stack        00000
___latbits                  (abs)        00002
___lwdiv                    text8        006D1
___lwdiv@counter            cstackCOMMON 00076
___lwdiv@dividend           cstackCOMMON 00072
___lwdiv@divisor            cstackCOMMON 00070
___lwdiv@quotient           cstackCOMMON 00074
___lwmod                    text7        00630
___lwmod@counter            cstackCOMMON 00074
___lwmod@dividend           cstackCOMMON 00072
___lwmod@divisor            cstackCOMMON 00070
___sp                       stack        00000
___stack_hi                 stack        00000
___stack_lo                 stack        00000
___stackhi                  (abs)        00000
___stacklo                  (abs)        00000
___wmul                     text3        005F1
___wmul@multiplicand        cstackCOMMON 0007A
___wmul@multiplier          cstackCOMMON 00078
___wmul@product             cstackCOMMON 0007C
__end_of_Lcd_Clear          text11       00599
__end_of_Lcd_Cmd            text12       005B7
__end_of_Lcd_Print_Char     text10       005D4
__end_of_Lcd_Print_Int      text6        0079A
__end_of_Lcd_SetBit         text13       00630
__end_of_Lcd_Set_Cursor     text9        006D1
__end_of_Lcd_Start          text5        00748
__end_of___awdiv            text4        007F5
__end_of___lwdiv            text8        0070B
__end_of___lwmod            text7        00662
__end_of___wmul             text3        00610
__end_of__initialization    cinit        007FD
__end_of_main               maintext     00697
__end_of_readADC            text2        005A3
__end_of_setup              text1        005F1
__initialization            cinit        007F5
__pbssBANK0                 bssBANK0     0002E
__pcstackBANK0              cstackBANK0  00020
__pcstackCOMMON             cstackCOMMON 00070
__pmaintext                 maintext     00662
__ptext1                    text1        005D4
__ptext10                   text10       005B7
__ptext11                   text11       00590
__ptext12                   text12       005A3
__ptext13                   text13       00610
__ptext2                    text2        00599
__ptext3                    text3        005F1
__ptext4                    text4        0079A
__ptext5                    text5        0070B
__ptext6                    text6        00748
__ptext7                    text7        00630
__ptext8                    text8        006D1
__ptext9                    text9        00697
_lADCread                   bssBANK0     0002E
_main                       maintext     00662
_readADC                    text2        00599
_setup                      text1        005D4
btemp                       (abs)        0007E
end_of_initialization       cinit        007FD
int_to_string@buffer        bssBANK0     0002F
intlevel0                   functab      00000
intlevel1                   functab      00000
intlevel2                   functab      00000
intlevel3                   functab      00000
intlevel4                   functab      00000
intlevel5                   functab      00000
main@heat                   cstackBANK0  0002C
reset_vec                   reset_vec    00000
start                       init         00003
start_initialization        cinit        007F5
wtemp0                      (abs)        0007E


MODULE INFORMATION

Module		Function		Class		Link	Load	Size
C:\Program Files\Microchip\xc8\v3.00\pic\sources\c99\common\Umul16.c
		___wmul        		CODE           	05F1	0000	31

C:\Program Files\Microchip\xc8\v3.00\pic\sources\c99\common\Umul16.c estimated size: 31

LCDpremade.c
		_main          		CODE           	0662	0000	53
		_setup         		CODE           	05D4	0000	29
		_Lcd_Print_Int 		CODE           	0748	0000	82
		_readADC       		CODE           	0599	0000	10

LCDpremade.c estimated size: 174

C:\Program Files\Microchip\xc8\v3.00\pic\sources\c99\common\lwmod.c
		___lwmod       		CODE           	0630	0000	50

C:\Program Files\Microchip\xc8\v3.00\pic\sources\c99\common\lwmod.c estimated size: 50

shared
		__initialization		CODE           	07F5	0000	8

shared estimated size: 8

./Display_lib.h
		_Lcd_Cmd       		CODE           	05A3	0000	20
		_Lcd_SetBit    		CODE           	0610	0000	32
		_Lcd_Start     		CODE           	070B	0000	61
		_Lcd_Set_Cursor		CODE           	0697	0000	58
		_Lcd_Clear     		CODE           	0590	0000	9
		_Lcd_Print_Char		CODE           	05B7	0000	29

./Display_lib.h estimated size: 209

C:\Program Files\Microchip\xc8\v3.00\pic\sources\c99\common\lwdiv.c
		___lwdiv       		CODE           	06D1	0000	58

C:\Program Files\Microchip\xc8\v3.00\pic\sources\c99\common\lwdiv.c estimated size: 58

C:\Program Files\Microchip\xc8\v3.00\pic\sources\c99\common\awdiv.c
		___awdiv       		CODE           	079A	0000	91

C:\Program Files\Microchip\xc8\v3.00\pic\sources\c99\common\awdiv.c estimated size: 91

